.venv/bin/python -m json.tool recipes/synthetic-linear-dynamics/design.expected.json >/dev/null
.venv/bin/python -m json.tool recipes/synthetic-linear-dynamics/recipe.json >/dev/null
.venv/bin/python -m json.tool checkpoints/manifest.json >/dev/null
.venv/bin/python -m json.tool checkpoints/manifest.schema.json >/dev/null
.venv/bin/python -m compileall -q jepa-anything-core/src jepa-anything-skill/scripts recipes checkpoints
PYTEST_DISABLE_PLUGIN_AUTOLOAD=1 .venv/bin/python -m pytest -p no:capture jepa-anything-core/tests -q
..................................................................
66 passed in 1.26s
PYTEST_DISABLE_PLUGIN_AUTOLOAD=1 .venv/bin/python -m pytest -p no:capture jepa-anything-skill/tests -q
.uu................................
33 passed, 2 subtests passed in 1.05s
PYTEST_DISABLE_PLUGIN_AUTOLOAD=1 .venv/bin/python -m pytest -p no:capture experiments/coupled_oscillators/tests -q -k "not quick_cli_json_and_finite_metrics"
.............................................
45 passed, 1 deselected in 2.43s
OPENBLAS_NUM_THREADS=1 PYTEST_DISABLE_PLUGIN_AUTOLOAD=1 .venv/bin/python -m pytest experiments/mediated_patterns/tests -q
.................................................                        [100%]
49 passed in 1.41s
PYTEST_DISABLE_PLUGIN_AUTOLOAD=1 .venv/bin/python -m pytest evidence/completed-2026-09-25/tests -q
.........                                                                [100%]
9 passed in 0.03s
.venv/bin/python jepa-anything-skill/scripts/validate_design.py recipes/synthetic-linear-dynamics/design.expected.json >/dev/null
.venv/bin/python recipes/synthetic-linear-dynamics/run_recipe.py --quiet
.venv/bin/python checkpoints/verify_manifest.py --quiet
